// Jest Snapshot v1, https://goo.gl/fbAQLP

exports[`Calculator component 5 x 3 1`] = `
<output
  class="d-block text-right pr-1"
>
  15
</output>
`;

exports[`Calculator component 15 + 5 1`] = `
<output
  class="d-block text-right pr-1"
>
  20
</output>
`;
