// Jest Snapshot v1, https://goo.gl/fbAQLP

exports[`It calculates mathematical operations 5 times 3 1`] = `
<output
  class="d-block text-right pr-1"
>
  15
</output>
`;

exports[`It calculates mathematical operations 15 + 5 1`] = `
<output
  class="d-block text-right pr-1"
>
  20
</output>
`;
